WhatsApp session error: Error: listen EADDRINUSE: address already in use :::5173
    at Server.setupListenHandle [as _listen2] (node:net:2008:16)
    at listenInCluster (node:net:2065:12)
    at Server.listen (node:net:2170:7)
    at app.listen (C:\Users\Admin\Desktop\projects\whatsapp\node_modules\express\lib\application.js:635:24)
    at file:///C:/Users/Admin/Desktop/projects/whatsapp/server.js:390:5
    at ModuleJob.run (node:internal/modules/esm/module_job:437:25)
    at async node:internal/modules/esm/loader:639:26
    at async asyncRunEntryPointWithESMLoader (node:internal/modules/run_main:101:5) {
  code: 'EADDRINUSE',
  errno: -4091,
  syscall: 'listen',
  address: '::',
  port: 5173
}
MongoDB connection error: querySrv ECONNREFUSED _mongodb._tcp.cluster0.it8jsyy.mongodb.net
WhatsApp startup failed: Error: The browser is already running for C:\Users\Admin\Desktop\projects\whatsapp\.wwebjs_auth\session-group-messaging-bot. Use a different `userDataDir` or stop the running browser first.
    at ChromeLauncher.launch (C:\Users\Admin\Desktop\projects\whatsapp\node_modules\puppeteer-core\lib\cjs\puppeteer\node\BrowserLauncher.js:175:23)
    at process.processTicksAndRejections (node:internal/process/task_queues:104:5)
    at async Client.initialize (C:\Users\Admin\Desktop\projects\whatsapp\node_modules\whatsapp-web.js\src\Client.js:462:23)
