Supabase configuration: {
  source: 'SUPABASE_SECRET_KEY',
  url: 'https://isgecgugalucveraghnx.supabase.co'
}
Supabase client initialized and key validated.
Starting WhatsApp client with session id: group-messaging-bot session path: C:\Users\Admin\Desktop\projects\whatsapp\.wwebjs_auth\session-group-messaging-bot
Dashboard: http://127.0.0.1:3000
WhatsApp QR generated.
WhatsApp QR generated.
WhatsApp QR generated.
WhatsApp QR generated.
WhatsApp QR generated.
WhatsApp QR generated.
WhatsApp QR generated.
WhatsApp QR generated.
WhatsApp QR generated.
WhatsApp QR generated.
WhatsApp QR generated.
WhatsApp QR generated.
WhatsApp QR generated.
WhatsApp QR generated.
WhatsApp QR generated.
WhatsApp QR generated.
WhatsApp QR generated.
WhatsApp QR generated.
WhatsApp QR generated.
WhatsApp QR generated.
WhatsApp QR generated.
WhatsApp QR generated.
WhatsApp QR generated.
WhatsApp QR generated.
WhatsApp QR generated.
WhatsApp QR generated.
WhatsApp QR generated.
WhatsApp QR generated.
WhatsApp QR generated.
WhatsApp QR generated.
WhatsApp QR generated.
WhatsApp QR generated.
WhatsApp QR generated.
WhatsApp QR generated.
WhatsApp QR generated.
WhatsApp QR generated.
WhatsApp QR generated.
WhatsApp QR generated.
WhatsApp QR generated.
WhatsApp QR generated.
WhatsApp QR generated.
WhatsApp QR generated.
WhatsApp QR generated.
WhatsApp QR generated.
WhatsApp QR generated.
WhatsApp QR generated.
WhatsApp QR generated.
WhatsApp QR generated.
WhatsApp QR generated.
